../Core/Src/main.c:68:6:HAL_GPIO_EXTI_Callback	16	static
../Core/Src/main.c:95:5:antirrebotes	40	static
../Core/Src/main.c:132:5:main	8	static
../Core/Src/main.c:270:6:SystemClock_Config	88	static
../Core/Src/main.c:317:13:MX_ADC1_Init	24	static
../Core/Src/main.c:369:13:MX_TIM2_Init	32	static
../Core/Src/main.c:414:13:MX_GPIO_Init	48	static
../Core/Src/main.c:460:6:HAL_TIM_PeriodElapsedCallback	16	static
../Core/Src/main.c:473:6:setPosition	16	static
../Core/Src/main.c:505:6:Error_Handler	4	static,ignoring_inline_asm
