../Core/Src/main.c:69:6:HAL_GPIO_EXTI_Callback	16	static
../Core/Src/main.c:96:5:antirrebotes	40	static
../Core/Src/main.c:169:5:main	8	static
../Core/Src/main.c:310:6:SystemClock_Config	88	static
../Core/Src/main.c:357:13:MX_ADC1_Init	24	static
../Core/Src/main.c:409:13:MX_TIM2_Init	32	static
../Core/Src/main.c:454:13:MX_GPIO_Init	48	static
../Core/Src/main.c:500:6:HAL_TIM_PeriodElapsedCallback	16	static
../Core/Src/main.c:515:6:setPosition	16	static
../Core/Src/main.c:547:6:Error_Handler	4	static,ignoring_inline_asm
